// Jest Snapshot v1, https://goo.gl/fbAQLP

exports[`the Genre container should render correctly 1`] = `
<DocumentFragment>
  <div
    data-testid="test"
  />
</DocumentFragment>
`;
